.\venv\Scripts\python : Trace
back (most recent call last):
위치 줄:1 문자:1
+ .\venv\Scripts\python verif
y_chatbot_logic.py > test_log
.txt 2>&1
+ ~~~~~~~~~~~~~~~~~~~~~~~~~~~
~~~~~~~~~~~~~~~~~~~~~~~~~~~~~
~~~~~~~~~
    + CategoryInfo           
   : NotSpecified: (Traceba  
  ck (most recent call las   
 t)::String) [], RemoteEx    
ception
    + FullyQualifiedErrorId  
   : NativeCommandError
 
  File "D:\Python\Ben\medipin
\venv\Lib\site-packages\sqlal
chemy\engine\base.py", line 1
43, in __init__
    self._dbapi_connection = 
engine.raw_connection()
                             
~~~~~~~~~~~~~~~~~~~~~^^
  File "D:\Python\Ben\medipin
\venv\Lib\site-packages\sqlal
chemy\engine\base.py", line 3
301, in raw_connection
    return self.pool.connect(
)
           ~~~~~~~~~~~~~~~~~^
^
  File "D:\Python\Ben\medipin
\venv\Lib\site-packages\sqlal
chemy\pool\base.py", line 447
, in connect
    return _ConnectionFairy._
checkout(self)
           ~~~~~~~~~~~~~~~~~~
~~~~~~~~^^^^^^
  File "D:\Python\Ben\medipin
\venv\Lib\site-packages\sqlal
chemy\pool\base.py", line 126
4, in _checkout
    fairy = _ConnectionRecord
.checkout(pool)
  File "D:\Python\Ben\medipin
\venv\Lib\site-packages\sqlal
chemy\pool\base.py", line 711
, in checkout
    rec = pool._do_get()
  File "D:\Python\Ben\medipin
\venv\Lib\site-packages\sqlal
chemy\pool\impl.py", line 177
, in _do_get
    with util.safe_reraise():
         ~~~~~~~~~~~~~~~~~^^
  File "D:\Python\Ben\medipin
\venv\Lib\site-packages\sqlal
chemy\util\langhelpers.py", l
ine 224, in __exit__
    raise exc_value.with_trac
eback(exc_tb)
  File "D:\Python\Ben\medipin
\venv\Lib\site-packages\sqlal
chemy\pool\impl.py", line 175
, in _do_get
    return self._create_conne
ction()
           ~~~~~~~~~~~~~~~~~~
~~~~~^^
  File "D:\Python\Ben\medipin
\venv\Lib\site-packages\sqlal
chemy\pool\base.py", line 388
, in _create_connection
    return _ConnectionRecord(
self)
  File "D:\Python\Ben\medipin
\venv\Lib\site-packages\sqlal
chemy\pool\base.py", line 673
, in __init__
    self.__connect()
    ~~~~~~~~~~~~~~^^
  File "D:\Python\Ben\medipin
\venv\Lib\site-packages\sqlal
chemy\pool\base.py", line 899
, in __connect
    with util.safe_reraise():
         ~~~~~~~~~~~~~~~~~^^
  File "D:\Python\Ben\medipin
\venv\Lib\site-packages\sqlal
chemy\util\langhelpers.py", l
ine 224, in __exit__
    raise exc_value.with_trac
eback(exc_tb)
  File "D:\Python\Ben\medipin
\venv\Lib\site-packages\sqlal
chemy\pool\base.py", line 895
, in __connect
    self.dbapi_connection = c
onnection = pool._invoke_crea
tor(self)
                             
            ~~~~~~~~~~~~~~~~~
~~~^^^^^^
  File "D:\Python\Ben\medipin
\venv\Lib\site-packages\sqlal
chemy\engine\create.py", line
 661, in connect
    return dialect.connect(*c
args, **cparams)
           ~~~~~~~~~~~~~~~^^^
^^^^^^^^^^^^^^^^
  File "D:\Python\Ben\medipin
\venv\Lib\site-packages\sqlal
chemy\engine\default.py", lin
e 629, in connect
    return self.loaded_dbapi.
connect(*cargs, **cparams)  #
 type: ignore[no-any-return] 
 # NOQA: E501
           ~~~~~~~~~~~~~~~~~~
~~~~~~~^^^^^^^^^^^^^^^^^^^
  File "D:\Python\Ben\medipin
\venv\Lib\site-packages\pymys
ql\connections.py", line 365,
 in __init__
    self.connect()
    ~~~~~~~~~~~~^^
  File "D:\Python\Ben\medipin
\venv\Lib\site-packages\pymys
ql\connections.py", line 681,
 in connect
    self._request_authenticat
ion()
    ~~~~~~~~~~~~~~~~~~~~~~~~~
~~~^^
  File "D:\Python\Ben\medipin
\venv\Lib\site-packages\pymys
ql\connections.py", line 972,
 in _request_authentication
    auth_packet = self._proce
ss_auth(plugin_name, auth_pac
ket)
  File "D:\Python\Ben\medipin
\venv\Lib\site-packages\pymys
ql\connections.py", line 1006
, in _process_auth
    return _auth.sha256_passw
ord_auth(self, auth_packet)
           ~~~~~~~~~~~~~~~~~~
~~~~~~~~^^^^^^^^^^^^^^^^^^^
  File "D:\Python\Ben\medipin
\venv\Lib\site-packages\pymys
ql\_auth.py", line 190, in sh
a256_password_auth
    return _roundtrip(conn, d
ata)
  File "D:\Python\Ben\medipin
\venv\Lib\site-packages\pymys
ql\_auth.py", line 121, in _r
oundtrip
    pkt = conn._read_packet()
  File "D:\Python\Ben\medipin
\venv\Lib\site-packages\pymys
ql\connections.py", line 782,
 in _read_packet
    packet.raise_for_error()
    ~~~~~~~~~~~~~~~~~~~~~~^^
  File "D:\Python\Ben\medipin
\venv\Lib\site-packages\pymys
ql\protocol.py", line 219, in
 raise_for_error
    err.raise_mysql_exception
(self._data)
    ~~~~~~~~~~~~~~~~~~~~~~~~~
^^^^^^^^^^^^
  File "D:\Python\Ben\medipin
\venv\Lib\site-packages\pymys
ql\err.py", line 150, in rais
e_mysql_exception
    raise errorclass(errno, e
rrval)
pymysql.err.OperationalError:
 (1045, "Access denied for us
er 'user1'@'localhost' (using
 password: YES)")

The above exception was the d
irect cause of the following 
exception:

Traceback (most recent call l
ast):
  File "D:\Python\Ben\medipin
\verify_chatbot_logic.py", li
ne 17, in run_test
    db.execute(text("SELECT 1
"))
    ~~~~~~~~~~^^^^^^^^^^^^^^^
^^^
  File "D:\Python\Ben\medipin
\venv\Lib\site-packages\sqlal
chemy\orm\session.py", line 2
351, in execute
    return self._execute_inte
rnal(
           ~~~~~~~~~~~~~~~~~~
~~~~^
        statement,
        ^^^^^^^^^^
    ...<4 lines>...
        _add_event=_add_event
,
        ^^^^^^^^^^^^^^^^^^^^^
^
    )
    ^
  File "D:\Python\Ben\medipin
\venv\Lib\site-packages\sqlal
chemy\orm\session.py", line 2
239, in _execute_internal
    conn = self._connection_f
or_bind(bind)
  File "D:\Python\Ben\medipin
\venv\Lib\site-packages\sqlal
chemy\orm\session.py", line 2
108, in _connection_for_bind
    return trans._connection_
for_bind(engine, execution_op
tions)
           ~~~~~~~~~~~~~~~~~~
~~~~~~~~^^^^^^^^^^^^^^^^^^^^^
^^^^^^
  File "<string>", line 2, in
 _connection_for_bind
  File "D:\Python\Ben\medipin
\venv\Lib\site-packages\sqlal
chemy\orm\state_changes.py", 
line 137, in _go
    ret_value = fn(self, *arg
, **kw)
  File "D:\Python\Ben\medipin
\venv\Lib\site-packages\sqlal
chemy\orm\session.py", line 1
187, in _connection_for_bind
    conn = bind.connect()
  File "D:\Python\Ben\medipin
\venv\Lib\site-packages\sqlal
chemy\engine\base.py", line 3
277, in connect
    return self._connection_c
ls(self)
           ~~~~~~~~~~~~~~~~~~
~~^^^^^^
  File "D:\Python\Ben\medipin
\venv\Lib\site-packages\sqlal
chemy\engine\base.py", line 1
45, in __init__
    Connection._handle_dbapi_
exception_noconnection(
    ~~~~~~~~~~~~~~~~~~~~~~~~~
~~~~~~~~~~~~~~~~~~~~~~^
        err, dialect, engine
        ^^^^^^^^^^^^^^^^^^^^
    )
    ^
  File "D:\Python\Ben\medipin
\venv\Lib\site-packages\sqlal
chemy\engine\base.py", line 2
440, in _handle_dbapi_excepti
on_noconnection
    raise sqlalchemy_exceptio
n.with_traceback(exc_info[2])
 from e
  File "D:\Python\Ben\medipin
\venv\Lib\site-packages\sqlal
chemy\engine\base.py", line 1
43, in __init__
    self._dbapi_connection = 
engine.raw_connection()
                             
~~~~~~~~~~~~~~~~~~~~~^^
  File "D:\Python\Ben\medipin
\venv\Lib\site-packages\sqlal
chemy\engine\base.py", line 3
301, in raw_connection
    return self.pool.connect(
)
           ~~~~~~~~~~~~~~~~~^
^
  File "D:\Python\Ben\medipin
\venv\Lib\site-packages\sqlal
chemy\pool\base.py", line 447
, in connect
    return _ConnectionFairy._
checkout(self)
           ~~~~~~~~~~~~~~~~~~
~~~~~~~~^^^^^^
  File "D:\Python\Ben\medipin
\venv\Lib\site-packages\sqlal
chemy\pool\base.py", line 126
4, in _checkout
    fairy = _ConnectionRecord
.checkout(pool)
  File "D:\Python\Ben\medipin
\venv\Lib\site-packages\sqlal
chemy\pool\base.py", line 711
, in checkout
    rec = pool._do_get()
  File "D:\Python\Ben\medipin
\venv\Lib\site-packages\sqlal
chemy\pool\impl.py", line 177
, in _do_get
    with util.safe_reraise():
         ~~~~~~~~~~~~~~~~~^^
  File "D:\Python\Ben\medipin
\venv\Lib\site-packages\sqlal
chemy\util\langhelpers.py", l
ine 224, in __exit__
    raise exc_value.with_trac
eback(exc_tb)
  File "D:\Python\Ben\medipin
\venv\Lib\site-packages\sqlal
chemy\pool\impl.py", line 175
, in _do_get
    return self._create_conne
ction()
           ~~~~~~~~~~~~~~~~~~
~~~~~^^
  File "D:\Python\Ben\medipin
\venv\Lib\site-packages\sqlal
chemy\pool\base.py", line 388
, in _create_connection
    return _ConnectionRecord(
self)
  File "D:\Python\Ben\medipin
\venv\Lib\site-packages\sqlal
chemy\pool\base.py", line 673
, in __init__
    self.__connect()
    ~~~~~~~~~~~~~~^^
Checking DB connection...
Error: (pymysql.err.OperationalError) (1045, "Access denied for user 'user1'@'localhost' (using password: YES)")
(Background on this error at: https://sqlalche.me/e/20/e3q8)
  File "D:\Python\Ben\medipin
\venv\Lib\site-packages\sqlal
chemy\pool\base.py", line 899
, in __connect
    with util.safe_reraise():
         ~~~~~~~~~~~~~~~~~^^
  File "D:\Python\Ben\medipin
\venv\Lib\site-packages\sqlal
chemy\util\langhelpers.py", l
ine 224, in __exit__
    raise exc_value.with_trac
eback(exc_tb)
  File "D:\Python\Ben\medipin
\venv\Lib\site-packages\sqlal
chemy\pool\base.py", line 895
, in __connect
    self.dbapi_connection = c
onnection = pool._invoke_crea
tor(self)
                             
            ~~~~~~~~~~~~~~~~~
~~~^^^^^^
  File "D:\Python\Ben\medipin
\venv\Lib\site-packages\sqlal
chemy\engine\create.py", line
 661, in connect
    return dialect.connect(*c
args, **cparams)
           ~~~~~~~~~~~~~~~^^^
^^^^^^^^^^^^^^^^
  File "D:\Python\Ben\medipin
\venv\Lib\site-packages\sqlal
chemy\engine\default.py", lin
e 629, in connect
    return self.loaded_dbapi.
connect(*cargs, **cparams)  #
 type: ignore[no-any-return] 
 # NOQA: E501
           ~~~~~~~~~~~~~~~~~~
~~~~~~~^^^^^^^^^^^^^^^^^^^
  File "D:\Python\Ben\medipin
\venv\Lib\site-packages\pymys
ql\connections.py", line 365,
 in __init__
    self.connect()
    ~~~~~~~~~~~~^^
  File "D:\Python\Ben\medipin
\venv\Lib\site-packages\pymys
ql\connections.py", line 681,
 in connect
    self._request_authenticat
ion()
    ~~~~~~~~~~~~~~~~~~~~~~~~~
~~~^^
  File "D:\Python\Ben\medipin
\venv\Lib\site-packages\pymys
ql\connections.py", line 972,
 in _request_authentication
    auth_packet = self._proce
ss_auth(plugin_name, auth_pac
ket)
  File "D:\Python\Ben\medipin
\venv\Lib\site-packages\pymys
ql\connections.py", line 1006
, in _process_auth
    return _auth.sha256_passw
ord_auth(self, auth_packet)
           ~~~~~~~~~~~~~~~~~~
~~~~~~~~^^^^^^^^^^^^^^^^^^^
  File "D:\Python\Ben\medipin
\venv\Lib\site-packages\pymys
ql\_auth.py", line 190, in sh
a256_password_auth
    return _roundtrip(conn, d
ata)
  File "D:\Python\Ben\medipin
\venv\Lib\site-packages\pymys
ql\_auth.py", line 121, in _r
oundtrip
    pkt = conn._read_packet()
  File "D:\Python\Ben\medipin
\venv\Lib\site-packages\pymys
ql\connections.py", line 782,
 in _read_packet
    packet.raise_for_error()
    ~~~~~~~~~~~~~~~~~~~~~~^^
  File "D:\Python\Ben\medipin
\venv\Lib\site-packages\pymys
ql\protocol.py", line 219, in
 raise_for_error
    err.raise_mysql_exception
(self._data)
    ~~~~~~~~~~~~~~~~~~~~~~~~~
^^^^^^^^^^^^
  File "D:\Python\Ben\medipin
\venv\Lib\site-packages\pymys
ql\err.py", line 150, in rais
e_mysql_exception
    raise errorclass(errno, e
rrval)
sqlalchemy.exc.OperationalErr
or: (pymysql.err.OperationalE
rror) (1045, "Access denied f
or user 'user1'@'localhost' (
using password: YES)")
(Background on this error at:
 https://sqlalche.me/e/20/e3q
8)
